../Core/Src/main.c:2245:6:LeftMotorFix	8	static
../Core/Src/main.c:2335:6:rightMotorFix	8	static
../Core/Src/main.c:2285:6:motor	8	static
../Core/Src/main.c:2075:6:leftEncoder	24	static
../Core/Src/main.c:2170:6:rightEncoder	24	static
../Core/Src/main.c:2308:6:OLEDShow	80	static
../Core/Src/main.c:144:6:readByte	24	static
../Core/Src/main.c:151:6:writeByte	16	static
../Core/Src/main.c:157:6:correctDirection	32	static
../Core/Src/main.c:175:6:gyroInit	8	static
../Core/Src/main.c:2376:6:gyroTask1	40	static
../Core/Src/main.c:322:6:SystemClock_Config	88	static,ignoring_inline_asm
../Core/Src/main.c:203:5:main	320	static,ignoring_inline_asm
../Core/Src/main.c:901:6:delay	0	static
../Core/Src/main.c:908:6:HAL_TIM_IC_CaptureCallback	16	static
../Core/Src/main.c:946:6:ultrasonic_read	8	static
../Core/Src/main.c:1429:6:StartDefaultTask	8	static
../Core/Src/main.c:956:6:stopMovement	8	static
../Core/Src/main.c:884:6:HAL_UART_RxCpltCallback	8	static
../Core/Src/main.c:2226:6:stopBot	8	static
../Core/Src/main.c:974:6:moveForward	48	static
../Core/Src/main.c:1060:6:moveBackward	48	static
../Core/Src/main.c:1211:6:motorRight	40	static
../Core/Src/main.c:1285:6:motorLeft	32	static
../Core/Src/main.c:1364:7:Left_PID_control	0	static
../Core/Src/main.c:1376:7:Right_PID_control	0	static
../Core/Src/main.c:1389:6:motorForward	8	static
../Core/Src/main.c:1407:6:motorReverse	8	static
../Core/Src/main.c:1443:6:thirtyCMFromObstacle	16	static
../Core/Src/main.c:1460:6:twentyCMFromObstacle	16	static
../Core/Src/main.c:1498:6:robotCommand	32	static,ignoring_inline_asm
../Core/Src/main.c:1477:6:slowDown	16	static
../Core/Src/main.c:2435:6:Error_Handler	0	static,ignoring_inline_asm
