../Core/Src/main.c:143:6:readByte	24	static
../Core/Src/main.c:150:6:writeByte	24	static
../Core/Src/main.c:156:6:correctDirection	40	static
../Core/Src/main.c:174:6:gyroInit	8	static
../Core/Src/main.c:202:5:main	296	static
../Core/Src/main.c:321:6:SystemClock_Config	88	static
../Core/Src/main.c:363:13:MX_ADC1_Init	24	static
../Core/Src/main.c:415:13:MX_ADC2_Init	24	static
../Core/Src/main.c:467:13:MX_I2C1_Init	8	static
../Core/Src/main.c:501:13:MX_TIM1_Init	80	static
../Core/Src/main.c:565:13:MX_TIM2_Init	56	static
../Core/Src/main.c:614:13:MX_TIM3_Init	56	static
../Core/Src/main.c:663:13:MX_TIM4_Init	32	static
../Core/Src/main.c:711:13:MX_TIM8_Init	96	static
../Core/Src/main.c:789:13:MX_USART3_UART_Init	8	static
../Core/Src/main.c:820:13:MX_DMA_Init	16	static
../Core/Src/main.c:841:13:MX_GPIO_Init	48	static
../Core/Src/main.c:883:6:HAL_UART_RxCpltCallback	24	static
../Core/Src/main.c:900:6:delay	16	static
../Core/Src/main.c:907:6:HAL_TIM_IC_CaptureCallback	16	static
../Core/Src/main.c:945:6:ultrasonic_read	8	static
../Core/Src/main.c:955:6:stopMovement	8	static
../Core/Src/main.c:973:6:moveForward	40	static
../Core/Src/main.c:1059:6:moveBackward	32	static
../Core/Src/main.c:1210:6:motorRight	64	static
../Core/Src/main.c:1283:6:motorLeft	32	static
../Core/Src/main.c:1360:7:Left_PID_control	16	static
../Core/Src/main.c:1372:7:Right_PID_control	16	static
../Core/Src/main.c:1385:6:motorForward	16	static
../Core/Src/main.c:1403:6:motorReverse	16	static
../Core/Src/main.c:1425:6:StartDefaultTask	16	static
../Core/Src/main.c:1439:6:thirtyCMFromObstacle	8	static
../Core/Src/main.c:1466:6:robotCommand	56	static
../Core/Src/main.c:1979:6:leftEncoder	40	static
../Core/Src/main.c:2074:6:rightEncoder	32	static
../Core/Src/main.c:2130:6:stopBot	16	static
../Core/Src/main.c:2149:6:LeftMotorFix	16	static
../Core/Src/main.c:2189:6:motor	16	static
../Core/Src/main.c:2212:6:OLEDShow	88	static
../Core/Src/main.c:2239:6:rightMotorFix	16	static
../Core/Src/main.c:2280:6:gyroTask1	64	static
../Core/Src/main.c:2339:6:Error_Handler	4	static,ignoring_inline_asm
